Running Sphinx v8.1.3
loading translations [en]... done
making output directory... done
myst v4.0.1: MdParserConfig(commonmark_only=False, gfm_only=False, enable_extensions=set(), disable_syntax=[], all_links_external=False, links_external_new_tab=False, url_schemes=('http', 'https', 'mailto', 'ftp'), ref_domains=None, fence_as_directive=set(), number_code_blocks=[], title_to_header=False, heading_anchors=0, heading_slug_func=None, html_meta={}, footnote_sort=True, footnote_transition=True, words_per_minute=200, substitutions={}, linkify_fuzzy_links=True, dmath_allow_labels=True, dmath_allow_space=True, dmath_allow_digits=True, dmath_double_inline=False, update_mathjax=True, mathjax_classes='tex2jax_process|mathjax_process|math|output_area', enable_checkboxes=False, suppress_warnings=[], highlight_code_blocks=True)
building [mo]: targets for 0 po files that are out of date
writing output... 
building [html]: targets for 16 source files that are out of date
updating environment: [new config] 16 added, 0 changed, 0 removed
reading sources... [  6%] administrator/administrator_guide
reading sources... [ 12%] architecture/overview
reading sources... [ 19%] clinical/radiologist_guide
reading sources... [ 25%] developer/developer_guide
reading sources... [ 31%] getting_started/installation
reading sources... [ 38%] getting_started/overview
reading sources... [ 44%] getting_started/quickstart
reading sources... [ 50%] index
reading sources... [ 56%] reports/overview
reading sources... [ 62%] scanners/bundle_security
reading sources... [ 69%] scanners/dataset_security
reading sources... [ 75%] scanners/dependency_security
reading sources... [ 81%] scanners/model_security
reading sources... [ 88%] scanners/transform_security
reading sources... [ 94%] security/threat_model
reading sources... [100%] tutorials/first_assessment

looking for now-outdated files... none found
pickling environment... done
checking consistency... done
preparing documents... done
copying assets... 
copying static files... 
Writing evaluated template result to /mnt/data/MONAI_Security_Documentation_ACTUALLY_VERIFIED/docs/_build/html/_static/basic.css
Writing evaluated template result to /mnt/data/MONAI_Security_Documentation_ACTUALLY_VERIFIED/docs/_build/html/_static/documentation_options.js
Writing evaluated template result to /mnt/data/MONAI_Security_Documentation_ACTUALLY_VERIFIED/docs/_build/html/_static/language_data.js
copying static files: done
copying extra files... 
copying extra files: done
copying assets: done
writing output... [  6%] administrator/administrator_guide
writing output... [ 12%] architecture/overview
writing output... [ 19%] clinical/radiologist_guide
writing output... [ 25%] developer/developer_guide
writing output... [ 31%] getting_started/installation
writing output... [ 38%] getting_started/overview
writing output... [ 44%] getting_started/quickstart
writing output... [ 50%] index
writing output... [ 56%] reports/overview
writing output... [ 62%] scanners/bundle_security
writing output... [ 69%] scanners/dataset_security
writing output... [ 75%] scanners/dependency_security
writing output... [ 81%] scanners/model_security
writing output... [ 88%] scanners/transform_security
writing output... [ 94%] security/threat_model
writing output... [100%] tutorials/first_assessment

generating indices... genindex done
highlighting module code... 
writing additional pages... search done
dumping search index in English (code: en)... done
dumping object inventory... done
build succeeded.

The HTML pages are in _build/html.
